2025-09-24 12:38:19,197 [Worker-4: Loading available Gradle versions] INFO  o.e.b.c.i.u.g.PublishedGradleVersions - Gradle version information cache is not available. Remote download required.
2025-09-24 12:44:13,178 [Worker-13: Import Getting Started Content] INFO  o.e.m.c.i.l.LifecycleMappingFactory - Using org.eclipse.m2e.jdt.JarLifecycleMapping lifecycle mapping for MavenProject: com.klef.fsad:OrbiFlow:0.0.1-SNAPSHOT @ D:\TASKMANAGMENTSYSTEM\BACKEND\OrbiFlow\pom.xml.
2025-09-24 12:44:16,423 [Worker-13: Import Getting Started Content] INFO  o.e.m.j.i.AbstractJavaProjectConfigurator - Adding source folder /OrbiFlow/src/main/java
2025-09-24 12:44:16,427 [Worker-13: Import Getting Started Content] INFO  o.e.m.j.i.AbstractJavaProjectConfigurator - Adding resource folder /OrbiFlow/src/main/resources
2025-09-24 12:44:16,436 [Worker-13: Import Getting Started Content] INFO  o.e.m.j.i.AbstractJavaProjectConfigurator - Adding resource folder /OrbiFlow/src/main/resources
2025-09-24 12:44:16,449 [Worker-13: Import Getting Started Content] INFO  o.e.m.j.i.AbstractJavaProjectConfigurator - Adding source folder /OrbiFlow/src/test/java
2025-09-24 12:44:16,450 [Worker-13: Import Getting Started Content] INFO  o.e.m.j.i.AbstractJavaProjectConfigurator - Adding resource folder /OrbiFlow/src/test/resources
2025-09-24 12:44:20,192 [Worker-13: Import Getting Started Content] INFO  o.e.m.c.i.p.ProjectConfigurationManager - Imported and configured 1 project(s) in 10 sec
2025-09-24 12:44:20,197 [Worker-13: Import Getting Started Content] INFO  o.e.m.c.i.p.ProjectConfigurationManager - Update started
2025-09-24 12:44:20,653 [Worker-13: Import Getting Started Content] INFO  o.e.m.c.i.l.LifecycleMappingFactory - Using org.eclipse.m2e.jdt.JarLifecycleMapping lifecycle mapping for MavenProject: com.klef.fsad:OrbiFlow:0.0.1-SNAPSHOT @ D:\TASKMANAGMENTSYSTEM\BACKEND\OrbiFlow\pom.xml.
2025-09-24 12:44:21,186 [Worker-13: Import Getting Started Content] INFO  o.e.m.j.i.AbstractJavaProjectConfigurator - Adding source folder /OrbiFlow/src/main/java
2025-09-24 12:44:21,187 [Worker-13: Import Getting Started Content] INFO  o.e.m.j.i.AbstractJavaProjectConfigurator - Adding resource folder /OrbiFlow/src/main/resources
2025-09-24 12:44:21,187 [Worker-13: Import Getting Started Content] INFO  o.e.m.j.i.AbstractJavaProjectConfigurator - Adding resource folder /OrbiFlow/src/main/resources
2025-09-24 12:44:21,187 [Worker-13: Import Getting Started Content] INFO  o.e.m.j.i.AbstractJavaProjectConfigurator - Adding source folder /OrbiFlow/src/test/java
2025-09-24 12:44:21,188 [Worker-13: Import Getting Started Content] INFO  o.e.m.j.i.AbstractJavaProjectConfigurator - Adding resource folder /OrbiFlow/src/test/resources
2025-09-24 12:44:22,626 [Worker-13: Import Getting Started Content] INFO  o.e.m.c.i.p.ProjectConfigurationManager - Update completed for 1 poms: local refresh takes 0.00 sec, refresh facades takes 0.00 sec, update config takes 1.00 sec 
2025-09-24 12:44:24,020 [Worker-30: Building] INFO  o.a.m.s.f.DefaultMavenResourcesFiltering - Copying 1 resource from src\main\resources to target\classes
2025-09-24 12:44:24,059 [Worker-30: Building] INFO  o.a.m.s.f.DefaultMavenResourcesFiltering - Copying 0 resource from src\main\resources to target\classes
2025-09-24 12:44:24,070 [Worker-30: Building] INFO  o.a.m.s.f.DefaultMavenResourcesFiltering - skip non existing resourceDirectory D:\TASKMANAGMENTSYSTEM\BACKEND\OrbiFlow\src\test\resources
2025-09-24 13:16:59,653 [Worker-1: Loading available Gradle versions] INFO  o.e.b.c.i.u.g.PublishedGradleVersions - Gradle version information cache is up-to-date. Trying to read.
2025-09-24 13:30:20,134 [Worker-1: Loading available Gradle versions] INFO  o.e.b.c.i.u.g.PublishedGradleVersions - Gradle version information cache is up-to-date. Trying to read.
2025-09-24 13:30:34,659 [Worker-21: Building] INFO  o.e.m.c.i.l.LifecycleMappingFactory - Using org.eclipse.m2e.jdt.JarLifecycleMapping lifecycle mapping for MavenProject: com.klef.fsad:TASKMANAGMENTSYSTEMBACKEND:0.0.1-SNAPSHOT @ D:\TASKMANAGMENTSYSTEM\BACKEND\OrbiFlow\pom.xml.
2025-09-24 13:30:37,519 [Worker-21: Building] INFO  o.a.m.s.f.DefaultMavenResourcesFiltering - Copying 1 resource from src\main\resources to target\classes
2025-09-24 13:30:37,564 [Worker-21: Building] INFO  o.a.m.s.f.DefaultMavenResourcesFiltering - Copying 0 resource from src\main\resources to target\classes
2025-09-24 13:30:37,572 [Worker-21: Building] INFO  o.a.m.s.f.DefaultMavenResourcesFiltering - skip non existing resourceDirectory D:\TASKMANAGMENTSYSTEM\BACKEND\OrbiFlow\src\test\resources
2025-09-24 13:30:39,142 [Worker-22: Download sources and javadoc] INFO  o.e.m.c.i.e.AbstractTransferListenerAdapter - Downloading https://repo.maven.apache.org/maven2/com/h2database/h2/2.3.232/h2-2.3.232-sources.jar
2025-09-24 13:30:39,641 [Worker-17: Building] INFO  o.a.m.s.f.DefaultMavenResourcesFiltering - Copying 1 resource from src\main\resources to target\classes
2025-09-24 13:30:39,644 [Worker-17: Building] INFO  o.a.m.s.f.DefaultMavenResourcesFiltering - Copying 0 resource from src\main\resources to target\classes
2025-09-24 13:30:39,650 [Worker-17: Building] INFO  o.a.m.s.f.DefaultMavenResourcesFiltering - skip non existing resourceDirectory D:\TASKMANAGMENTSYSTEM\BACKEND\OrbiFlow\src\test\resources
2025-09-24 13:30:40,308 [Worker-22: Download sources and javadoc] INFO  o.e.m.c.i.e.AbstractTransferListenerAdapter - Downloaded https://repo.maven.apache.org/maven2/com/h2database/h2/2.3.232/h2-2.3.232-sources.jar
2025-09-24 13:30:40,323 [Worker-22: Download sources and javadoc] INFO  o.e.m.j.internal.DownloadSourcesJob - Downloaded sources for com.h2database:h2:2.3.232
2025-09-24 13:31:43,792 [Worker-25: Launching OrbiFlow - OrbiFlowApplication] INFO  o.e.m.c.i.l.LifecycleMappingFactory - Using org.eclipse.m2e.jdt.JarLifecycleMapping lifecycle mapping for MavenProject: com.klef.fsad:TASKMANAGMENTSYSTEMBACKEND:0.0.1-SNAPSHOT @ D:\TASKMANAGMENTSYSTEM\BACKEND\OrbiFlow\pom.xml.
2025-09-24 13:31:44,096 [Worker-25: Launching OrbiFlow - OrbiFlowApplication] INFO  o.a.m.s.f.DefaultMavenResourcesFiltering - Copying 1 resource from src\main\resources to target\classes
2025-09-24 13:31:44,160 [Worker-25: Launching OrbiFlow - OrbiFlowApplication] INFO  o.a.m.s.f.DefaultMavenResourcesFiltering - Copying 0 resource from src\main\resources to target\classes
2025-09-24 13:31:44,171 [Worker-25: Launching OrbiFlow - OrbiFlowApplication] INFO  o.a.m.s.f.DefaultMavenResourcesFiltering - skip non existing resourceDirectory D:\TASKMANAGMENTSYSTEM\BACKEND\OrbiFlow\src\test\resources
2025-09-24 13:32:39,656 [Worker-26: Launching OrbiFlow - OrbiFlowApplication] INFO  o.a.m.s.f.DefaultMavenResourcesFiltering - Copying 1 resource from src\main\resources to target\classes
2025-09-24 13:32:39,662 [Worker-26: Launching OrbiFlow - OrbiFlowApplication] INFO  o.a.m.s.f.DefaultMavenResourcesFiltering - Copying 0 resource from src\main\resources to target\classes
2025-09-24 13:32:39,666 [Worker-26: Launching OrbiFlow - OrbiFlowApplication] INFO  o.a.m.s.f.DefaultMavenResourcesFiltering - skip non existing resourceDirectory D:\TASKMANAGMENTSYSTEM\BACKEND\OrbiFlow\src\test\resources
